# endpoint                  backend name
^/validate(\/)?$  be_api
^/static(\/.*)?$  be_api
^/internal(\/.*)?$  be_api
^/graphql(\/.*)?$  be_api
^/webhooks(\/.*)?$  be_api
^/frontend_health$  be_default
^/gateway_health$  be_gateway
^/api_health(\/)?$  be_api
^/upload/v2(\/)?$  be_api
^/upload/v4(\/)?$  be_api
^/api(\/.*)?$  be_api
^/upload/bundle_analysis/v1(\/)?$  be_api
^/upload/test_results/v1(\/)?$  be_api
^/upload/(gh|github|ghe|github_enterprise|bb|bitbucket|bbs|bitbucket_server|gl|gitlab|gle|gitlab_enterprise|okta|sentry)(\/.*)?$  be_api
^/profiling(\/.*)?$  be_ia
^/(.*)/(.*)/(.*)/branch/(?P<branch>.+)/(graph|graphs)/badge.svg be_api
^/.*/.*/.*/(graph|graphs)/badge.svg be_api
^/.*/.*/.*/branch/(?P<branch>.+)/(graph|graphs)/bundle/(?P<bundle>.+)/badge.svg be_api
^/.*/.*/.*/(graph|graphs)/bundle/(?P<bundle>.+)/badge.svg be_api
^/login/(gh|github|ghe|github_enterprise|bb|bitbucket|bbs|bitbucket_server|gl|gitlab|gle|gitlab_enterprise|okta|sentry) be_api
^/logout(/(gh|github|ghe|github_enterprise|bb|bitbucket|bbs|bitbucket_server|gl|gitlab|gle|gitlab_enterprise|okta|sentry)?)? be_api
^/.*/.*/.*/pull/(?P<pullid>[^/]+)/(graph|graphs)/(?P<graph>tree|icicle|sunburst|commits).svg be_api
^/.*/.*/.*/branch/(?P<branch>[^/].+)/(graph|graphs)/(?P<graph>tree|icicle|sunburst|commits).svg be_api
^/.*/.*/.*/(graph|graphs)/(?P<graph>tree|icicle|sunburst|commits).svg be_api
