# endpoint                  backend name
^/validate(\/)?$  be_api
^/internal(\/.*)?$  be_api
^/graphql(\/.*)?$  be_api
^/webhooks(\/.*)?$  be_api
^/frontend_health$  be_frontend
^/gateway_health$  be_gateway
^/upload/v2(\/)?$  be_api
^/upload/v4(\/)?$  be_api
^/upload/(gh|github|ghe|github_enterprise|bb|bitbucket|bbs|bitbucket_server|gl|gitlab|gle|gitlab_enterprise)(\/)?$  be_api
^/profiling(\/.*)?$  be_ia
^/(.*)/(.*)/(.*)/branch/(?P<branch>.+)/(graph|graphs)/badge.svg be_api
^/.*/.*/.*/(graph|graphs)/badge.svg be_api
^/login/(gh|github|ghe|github_enterprise|bb|bitbucket|bbs|bitbucket_server|gl|gitlab|gle|gitlab_enterprise) be_api
^/logout/(gh|github|ghe|github_enterprise|bb|bitbucket|bbs|bitbucket_server|gl|gitlab|gle|gitlab_enterprise) be_api
^/.*/.*/.*/pull/(?P<pullid>[^/]+)/(graph|graphs)/(?P<graph>tree|icicle|sunburst|commits).svg be_api
^/.*/.*/.*/branch/(?P<branch>[^/].+)/(graph|graphs)/(?P<graph>tree|icicle|sunburst|commits).svg be_api
^/.*/.*/.*/(graph|graphs)/(?P<graph>tree|icicle|sunburst|commits).svg be_api
